// Jest Snapshot v1, https://goo.gl/fbAQLP

exports[`UserList should render correctly 1`] = `
<table>
  <thead>
    <th>
      ID
    </th>
    <th>
      Name
    </th>
  </thead>
  <tbody>
    <tr>
      <td><span>1</span></td>
      <td><span>Leanne Graham</span></td>
    </tr>
    <tr>
      <td><span>2</span></td>
      <td><span>Ervin Howell</span></td>
    </tr>
  </tbody>
</table>
`;
